
> backend@0.0.1 test
> jest src/app.controller.spec.ts

node.exe : FAIL src/app.controller.spec.ts
At C:\Users\babai\AppData\Roaming\npm\npm.ps1:24 char:5
+     & "node$exe"  
"$basedir/node_modules/npm/bin/npm-cli.js" $args
+     ~~~~~~~~~~~~~~~~~~~~~~~~~~~~~~~~~~~~~~~~~~~~~~~~~~~
~~~~~~~~~~~
    + CategoryInfo          : NotSpecified: (FAIL src/ap 
   p.controller.spec.ts:String) [], RemoteException
    + FullyQualifiedErrorId : NativeCommandError
 
  AppController
    root
      ├ù should return "Hello World!" (18 ms)
    uptime
      ΓêÜ should return current version and uptime (5 ms)
      ΓêÜ should return default version if env var is 
missing (2 ms)

  ΓùÅ AppController ΓÇ║ root ΓÇ║ should return "Hello 
World!"

    expect(received).toBe(expected) // Object.is equality

    Expected: "Hello World!"
    Received: "This is Nutri Tiffin!"

    [0m [90m 45 |[39m   
describe([32m'root'[39m[33m,[39m () [33m=>[39m {
     [90m 46 |[39m     it([32m'should return "Hello 
World!"'[39m[33m,[39m () [33m=>[39m {
    [31m[1m>[22m[39m[90m 47 |[39m       expect(appC
ontroller[33m.[39mgetHello())[33m.[39mtoBe([32m'Hell
o World!'[39m)[33m;[39m
     [90m    |[39m                                     
   [31m[1m^[22m[39m
     [90m 48 |[39m     })[33m;[39m
     [90m 49 |[39m   })[33m;[39m
     [90m 50 |[39m[0m

      at Object.<anonymous> 
(app.controller.spec.ts:47:40)

Test Suites: 1 failed, 1 total
Tests:       1 failed, 2 passed, 3 total
Snapshots:   0 total
Time:        1.524 s, estimated 2 s
Ran all test suites matching src/app.controller.spec.ts.
